../Core/Src/main.c:76:7:get_v_out	8	static
../Core/Src/main.c:81:8:get_v_in	8	static
../Core/Src/main.c:86:8:get_temperature	8	static
../Core/Src/main.c:107:5:main	40	static
../Core/Src/main.c:250:6:SystemClock_Config	112	static
../Core/Src/main.c:301:13:MX_ADC_Init	16	static
../Core/Src/main.c:376:13:MX_TIM2_Init	32	static
../Core/Src/main.c:425:13:MX_USART2_UART_Init	8	static
../Core/Src/main.c:458:13:MX_DMA_Init	16	static
../Core/Src/main.c:476:13:MX_GPIO_Init	48	static
../Core/Src/main.c:526:6:Error_Handler	8	static,ignoring_inline_asm
