../Core/Src/stm32l0xx_hal_msp.c:66:6:HAL_MspInit	8	static
../Core/Src/stm32l0xx_hal_msp.c:89:6:HAL_ADC_MspInit	48	static
../Core/Src/stm32l0xx_hal_msp.c:142:6:HAL_ADC_MspDeInit	16	static
../Core/Src/stm32l0xx_hal_msp.c:173:6:HAL_TIM_PWM_MspInit	16	static
../Core/Src/stm32l0xx_hal_msp.c:190:6:HAL_TIM_MspPostInit	48	static
../Core/Src/stm32l0xx_hal_msp.c:222:6:HAL_TIM_PWM_MspDeInit	16	static
../Core/Src/stm32l0xx_hal_msp.c:244:6:HAL_UART_MspInit	48	static
../Core/Src/stm32l0xx_hal_msp.c:281:6:HAL_UART_MspDeInit	16	static
